// Jest Snapshot v1, https://goo.gl/fbAQLP

exports[`Collections Component should fetch collections and render them 1`] = `
Object {
  "asFragment": [Function],
  "baseElement": <body>
    <div>
      <div
        class="w-full p-6 flex items-center text-left justify-evenly md:justify-center bg-custom-blue-normal"
      >
        <img
          alt="FBI Logo"
          class="w-1/2 w-48"
          src="fbi-logo.png"
        />
        <div
          class="flex flex-col"
        >
          <span
            class="text-6xl font-extrabold text-white md:text-8xl"
          >
            FBI
          </span>
          <span
            class="text-2xl md:text-4xl text-white"
          >
            Most Wanted
          </span>
        </div>
      </div>
    </div>
  </body>,
  "container": <div>
    <div
      class="w-full p-6 flex items-center text-left justify-evenly md:justify-center bg-custom-blue-normal"
    >
      <img
        alt="FBI Logo"
        class="w-1/2 w-48"
        src="fbi-logo.png"
      />
      <div
        class="flex flex-col"
      >
        <span
          class="text-6xl font-extrabold text-white md:text-8xl"
        >
          FBI
        </span>
        <span
          class="text-2xl md:text-4xl text-white"
        >
          Most Wanted
        </span>
      </div>
    </div>
  </div>,
  "debug": [Function],
  "findAllByAltText": [Function],
  "findAllByDisplayValue": [Function],
  "findAllByLabelText": [Function],
  "findAllByPlaceholderText": [Function],
  "findAllByRole": [Function],
  "findAllByTestId": [Function],
  "findAllByText": [Function],
  "findAllByTitle": [Function],
  "findByAltText": [Function],
  "findByDisplayValue": [Function],
  "findByLabelText": [Function],
  "findByPlaceholderText": [Function],
  "findByRole": [Function],
  "findByTestId": [Function],
  "findByText": [Function],
  "findByTitle": [Function],
  "getAllByAltText": [Function],
  "getAllByDisplayValue": [Function],
  "getAllByLabelText": [Function],
  "getAllByPlaceholderText": [Function],
  "getAllByRole": [Function],
  "getAllByTestId": [Function],
  "getAllByText": [Function],
  "getAllByTitle": [Function],
  "getByAltText": [Function],
  "getByDisplayValue": [Function],
  "getByLabelText": [Function],
  "getByPlaceholderText": [Function],
  "getByRole": [Function],
  "getByTestId": [Function],
  "getByText": [Function],
  "getByTitle": [Function],
  "queryAllByAltText": [Function],
  "queryAllByDisplayValue": [Function],
  "queryAllByLabelText": [Function],
  "queryAllByPlaceholderText": [Function],
  "queryAllByRole": [Function],
  "queryAllByTestId": [Function],
  "queryAllByText": [Function],
  "queryAllByTitle": [Function],
  "queryByAltText": [Function],
  "queryByDisplayValue": [Function],
  "queryByLabelText": [Function],
  "queryByPlaceholderText": [Function],
  "queryByRole": [Function],
  "queryByTestId": [Function],
  "queryByText": [Function],
  "queryByTitle": [Function],
  "rerender": [Function],
  "unmount": [Function],
}
`;

exports[`tests for main component should fetch data and render them 1`] = `
Object {
  "asFragment": [Function],
  "baseElement": <body>
    <div>
      <div
        class="w-full p-6 flex items-center text-left justify-evenly md:justify-center bg-custom-blue-normal"
      >
        <img
          alt="FBI Logo"
          class="w-1/2 w-48"
          src="fbi-logo.png"
        />
        <div
          class="flex flex-col"
        >
          <span
            class="text-6xl font-extrabold text-white md:text-8xl"
          >
            FBI
          </span>
          <span
            class="text-2xl md:text-4xl text-white"
          >
            Most Wanted
          </span>
        </div>
      </div>
    </div>
  </body>,
  "container": <div>
    <div
      class="w-full p-6 flex items-center text-left justify-evenly md:justify-center bg-custom-blue-normal"
    >
      <img
        alt="FBI Logo"
        class="w-1/2 w-48"
        src="fbi-logo.png"
      />
      <div
        class="flex flex-col"
      >
        <span
          class="text-6xl font-extrabold text-white md:text-8xl"
        >
          FBI
        </span>
        <span
          class="text-2xl md:text-4xl text-white"
        >
          Most Wanted
        </span>
      </div>
    </div>
  </div>,
  "debug": [Function],
  "findAllByAltText": [Function],
  "findAllByDisplayValue": [Function],
  "findAllByLabelText": [Function],
  "findAllByPlaceholderText": [Function],
  "findAllByRole": [Function],
  "findAllByTestId": [Function],
  "findAllByText": [Function],
  "findAllByTitle": [Function],
  "findByAltText": [Function],
  "findByDisplayValue": [Function],
  "findByLabelText": [Function],
  "findByPlaceholderText": [Function],
  "findByRole": [Function],
  "findByTestId": [Function],
  "findByText": [Function],
  "findByTitle": [Function],
  "getAllByAltText": [Function],
  "getAllByDisplayValue": [Function],
  "getAllByLabelText": [Function],
  "getAllByPlaceholderText": [Function],
  "getAllByRole": [Function],
  "getAllByTestId": [Function],
  "getAllByText": [Function],
  "getAllByTitle": [Function],
  "getByAltText": [Function],
  "getByDisplayValue": [Function],
  "getByLabelText": [Function],
  "getByPlaceholderText": [Function],
  "getByRole": [Function],
  "getByTestId": [Function],
  "getByText": [Function],
  "getByTitle": [Function],
  "queryAllByAltText": [Function],
  "queryAllByDisplayValue": [Function],
  "queryAllByLabelText": [Function],
  "queryAllByPlaceholderText": [Function],
  "queryAllByRole": [Function],
  "queryAllByTestId": [Function],
  "queryAllByText": [Function],
  "queryAllByTitle": [Function],
  "queryByAltText": [Function],
  "queryByDisplayValue": [Function],
  "queryByLabelText": [Function],
  "queryByPlaceholderText": [Function],
  "queryByRole": [Function],
  "queryByTestId": [Function],
  "queryByText": [Function],
  "queryByTitle": [Function],
  "rerender": [Function],
  "unmount": [Function],
}
`;
